07:25:14 **** Incremental Build of configuration Debug for project HelloSTM32 ****
make -j8 all 
arm-none-eabi-gcc "../Src/main.c" -mcpu=cortex-m4 -std=gnu11 -g3 -DSTM32 -DSTM32F4 -DSTM32F407VGTx -DDEBUG -c -I../Inc -O0 -ffunction-sections -fdata-sections -Wall -fstack-usage -MMD -MP -MF"Src/main.d" -MT"Src/main.o" --specs=nano.specs -mfpu=fpv4-sp-d16 -mfloat-abi=hard -mthumb -o "Src/main.o"
arm-none-eabi-gcc "../Src/syscalls.c" -mcpu=cortex-m4 -std=gnu11 -g3 -DSTM32 -DSTM32F4 -DSTM32F407VGTx -DDEBUG -c -I../Inc -O0 -ffunction-sections -fdata-sections -Wall -fstack-usage -MMD -MP -MF"Src/syscalls.d" -MT"Src/syscalls.o" --specs=nano.specs -mfpu=fpv4-sp-d16 -mfloat-abi=hard -mthumb -o "Src/syscalls.o"
arm-none-eabi-gcc "../Src/sysmem.c" -mcpu=cortex-m4 -std=gnu11 -g3 -DSTM32 -DSTM32F4 -DSTM32F407VGTx -DDEBUG -c -I../Inc -O0 -ffunction-sections -fdata-sections -Wall -fstack-usage -MMD -MP -MF"Src/sysmem.d" -MT"Src/sysmem.o" --specs=nano.specs -mfpu=fpv4-sp-d16 -mfloat-abi=hard -mthumb -o "Src/sysmem.o"
../Src/main.c:21:4: warning: #warning "FPU is not initialized, but the project is compiling for an FPU. Please initialize the FPU before use." [-Wcpp]
   #warning "FPU is not initialized, but the project is compiling for an FPU. Please initialize the FPU before use."
    ^~~~~~~
arm-none-eabi-gcc -o "HelloSTM32.elf" @"objects.list"   -mcpu=cortex-m4 -T"E:\After Graduation\Revision_AfterGraduation\Embedded C\STM32_WS\HelloSTM32\STM32F407VGTX_FLASH.ld" --specs=nosys.specs -Wl,-Map="HelloSTM32.map" -Wl,--gc-sections -static --specs=nano.specs -mfpu=fpv4-sp-d16 -mfloat-abi=hard -mthumb -Wl,--start-group -lc -lm -Wl,--end-group
Finished building target: HelloSTM32.elf
 
arm-none-eabi-objdump -h -S  HelloSTM32.elf  > "HelloSTM32.list"
arm-none-eabi-objcopy  -O binary  HelloSTM32.elf  "HelloSTM32.bin"
arm-none-eabi-size   HelloSTM32.elf 
   text	   data	    bss	    dec	    hex	filename
    904	      8	   1568	   2480	    9b0	HelloSTM32.elf
Finished building: default.size.stdout
 
Finished building: HelloSTM32.bin
Finished building: HelloSTM32.list
 
 
07:25:17 **** Incremental Build of configuration Debug for project HelloSTM32 ****
make -j8 all 
arm-none-eabi-size   HelloSTM32.elf 
   text	   data	    bss	    dec	    hex	filename
    904	      8	   1568	   2480	    9b0	HelloSTM32.elf
Finished building: default.size.stdout
 
07:33:24 **** Incremental Build of configuration Debug for project HelloSTM32 ****
make -j8 all 
arm-none-eabi-size   HelloSTM32.elf 
   text	   data	    bss	    dec	    hex	filename
    904	      8	   1568	   2480	    9b0	HelloSTM32.elf
Finished building: default.size.stdout
 
